Archive member included to satisfy reference by file (symbol)

oslib/drivers/lib/liblpc2148.a(io.o)
                              oslib/drivers/target.o (io_configure)
oslib/drivers/lib/liblpc2148.a(io_asm.o)
                              oslib/drivers/lib/liblpc2148.a(io.o) (io_write_n)
oslib/drivers/lib/liblpc2148.a(lcd.o)
                              oslib/drivers/lib/liblpc2148.a(io.o) (lcd_put_char)
oslib/drivers/lib/liblpc2148.a(timer.o)
                              oslib/drivers/target.o (timer_tick_init)
oslib/drivers/lib/liblpc2148.a(eint.o)
                              oslib/drivers/target.o (eint1_init)
oslib/drivers/lib/liblpc2148.a(uart.o)
                              oslib/drivers/target.o (uart_init)
oslib/drivers/lib/liblpc2148.a(util.o)
                              oslib/drivers/lib/liblpc2148.a(uart.o) (num2str)
oslib/drivers/lib/liblpc2148.a(irq.o)
                              oslib/drivers/lib/liblpc2148.a(timer.o) (irq_register_slot)
/local/sdk_elec/gcc-arm-none-eabi-5_2-2015q4/bin/../lib/gcc/arm-none-eabi/5.2.1/libgcc.a(_udivsi3.o)
                              oslib/drivers/lib/liblpc2148.a(io.o) (__aeabi_uidiv)
/local/sdk_elec/gcc-arm-none-eabi-5_2-2015q4/bin/../lib/gcc/arm-none-eabi/5.2.1/libgcc.a(_dvmd_tls.o)
                              /local/sdk_elec/gcc-arm-none-eabi-5_2-2015q4/bin/../lib/gcc/arm-none-eabi/5.2.1/libgcc.a(_udivsi3.o) (__aeabi_idiv0)
/local/sdk_elec/gcc-arm-none-eabi-5_2-2015q4/bin/../lib/gcc/arm-none-eabi/5.2.1/../../../../arm-none-eabi/lib/libc.a(lib_a-errno.o)
                              oslib/drivers/startup/board_stubs.o (__errno)
/local/sdk_elec/gcc-arm-none-eabi-5_2-2015q4/bin/../lib/gcc/arm-none-eabi/5.2.1/../../../../arm-none-eabi/lib/libc.a(lib_a-impure.o)
                              /local/sdk_elec/gcc-arm-none-eabi-5_2-2015q4/bin/../lib/gcc/arm-none-eabi/5.2.1/../../../../arm-none-eabi/lib/libc.a(lib_a-errno.o) (_impure_ptr)
/local/sdk_elec/gcc-arm-none-eabi-5_2-2015q4/bin/../lib/gcc/arm-none-eabi/5.2.1/../../../../arm-none-eabi/lib/libc.a(lib_a-memcpy-stub.o)
                              kernel/kernel.o (memcpy)

Discarded input sections

 .text          0x00000000        0x0 user/tp1_ex5.o
 .data          0x00000000        0x0 user/tp1_ex5.o
 .bss           0x00000000        0x0 user/tp1_ex5.o
 .text          0x00000000        0x0 oslib/drivers/startup/board_lowlevel.o
 .data          0x00000000        0x0 oslib/drivers/startup/board_lowlevel.o
 .bss           0x00000000        0x0 oslib/drivers/startup/board_lowlevel.o
 .text.default_irq_isr
                0x00000000       0x20 oslib/drivers/startup/board_lowlevel.o
 .text          0x00000000        0x0 oslib/drivers/startup/board_stubs.o
 .data          0x00000000        0x0 oslib/drivers/startup/board_stubs.o
 .bss           0x00000000        0x4 oslib/drivers/startup/board_stubs.o
 .text._sbrk_r  0x00000000       0xa4 oslib/drivers/startup/board_stubs.o
 .debug_info    0x00000000      0x8f4 oslib/drivers/startup/board_stubs.o
 .debug_abbrev  0x00000000      0x1bd oslib/drivers/startup/board_stubs.o
 .debug_aranges
                0x00000000       0x20 oslib/drivers/startup/board_stubs.o
 .debug_ranges  0x00000000       0x10 oslib/drivers/startup/board_stubs.o
 .debug_line    0x00000000      0x16f oslib/drivers/startup/board_stubs.o
 .debug_str     0x00000000      0x579 oslib/drivers/startup/board_stubs.o
 .comment       0x00000000       0x6f oslib/drivers/startup/board_stubs.o
 .debug_frame   0x00000000       0x30 oslib/drivers/startup/board_stubs.o
 .ARM.attributes
                0x00000000       0x30 oslib/drivers/startup/board_stubs.o
 .text          0x00000000        0x0 oslib/drivers/target.o
 .data          0x00000000        0x0 oslib/drivers/target.o
 .bss           0x00000000        0x0 oslib/drivers/target.o
 .text          0x00000000        0x0 kernel/alloc.o
 .data          0x00000000        0x0 kernel/alloc.o
 .bss           0x00000000        0x0 kernel/alloc.o
 .text          0x00000000        0x0 kernel/kernel.o
 .text.sys_task_kill
                0x00000000        0xc kernel/kernel.o
 .text          0x00000000        0x0 kernel/list.o
 .data          0x00000000        0x0 kernel/list.o
 .bss           0x00000000        0x0 kernel/list.o
 .text.list_insert_head
                0x00000000       0x7c kernel/list.o
 .text.list_remove_tail
                0x00000000       0xa4 kernel/list.o
 .text          0x00000000        0x0 kernel/syscall_dispatch.o
 .data          0x00000000        0x0 kernel/syscall_dispatch.o
 .bss           0x00000000        0x0 kernel/syscall_dispatch.o
 .text          0x00000000        0x0 oslib/kernellib.o
 .data          0x00000000        0x0 oslib/kernellib.o
 .bss           0x00000000        0x0 oslib/kernellib.o
 .text.test_add
                0x00000000       0x28 oslib/kernellib.o
 .text.malloc   0x00000000       0x24 oslib/kernellib.o
 .text.free     0x00000000       0x18 oslib/kernellib.o
 .text.task_id  0x00000000       0x10 oslib/kernellib.o
 .text.task_kill
                0x00000000        0x8 oslib/kernellib.o
 .text.sem_new  0x00000000       0x24 oslib/kernellib.o
 .text.sem_p    0x00000000       0x18 oslib/kernellib.o
 .text.sem_v    0x00000000       0x18 oslib/kernellib.o
 .text          0x00000000        0x0 oslib/drivers/startup/board_cstartup.o
 .data          0x00000000        0x0 oslib/drivers/startup/board_cstartup.o
 .bss           0x00000000        0x0 oslib/drivers/startup/board_cstartup.o
 .text          0x00000000        0x0 oslib/drivers/lib/liblpc2148.a(io.o)
 .data          0x00000000        0xa oslib/drivers/lib/liblpc2148.a(io.o)
 .bss           0x00000000        0x0 oslib/drivers/lib/liblpc2148.a(io.o)
 .text.num2str  0x00000000       0xfc oslib/drivers/lib/liblpc2148.a(io.o)
 .text.leds_and_btns_init
                0x00000000       0x2c oslib/drivers/lib/liblpc2148.a(io.o)
 .text.buttons  0x00000000       0x20 oslib/drivers/lib/liblpc2148.a(io.o)
 .text.button0  0x00000000       0x48 oslib/drivers/lib/liblpc2148.a(io.o)
 .text.button1  0x00000000       0x48 oslib/drivers/lib/liblpc2148.a(io.o)
 .text.button2  0x00000000       0x48 oslib/drivers/lib/liblpc2148.a(io.o)
 .text.button3  0x00000000       0x48 oslib/drivers/lib/liblpc2148.a(io.o)
 .text.button4  0x00000000       0x48 oslib/drivers/lib/liblpc2148.a(io.o)
 .text.lcd_printf
                0x00000000      0x2cc oslib/drivers/lib/liblpc2148.a(io.o)
 .rodata        0x00000000       0x14 oslib/drivers/lib/liblpc2148.a(io.o)
 .data          0x00000000        0x0 oslib/drivers/lib/liblpc2148.a(io_asm.o)
 .bss           0x00000000        0x0 oslib/drivers/lib/liblpc2148.a(io_asm.o)
 .text          0x00000000        0x0 oslib/drivers/lib/liblpc2148.a(lcd.o)
 .data          0x00000000        0x0 oslib/drivers/lib/liblpc2148.a(lcd.o)
 .bss           0x00000000        0x0 oslib/drivers/lib/liblpc2148.a(lcd.o)
 .debug_abbrev  0x00000000      0x194 oslib/drivers/lib/liblpc2148.a(lcd.o)
 .debug_info    0x00000000      0x43d oslib/drivers/lib/liblpc2148.a(lcd.o)
 .debug_line    0x00000000      0x1f8 oslib/drivers/lib/liblpc2148.a(lcd.o)
 .text.lcd_send_data
                0x00000000       0x58 oslib/drivers/lib/liblpc2148.a(lcd.o)
 .text.lcd_send_cmd
                0x00000000       0x58 oslib/drivers/lib/liblpc2148.a(lcd.o)
 .text.lcd_is_busy
                0x00000000       0x84 oslib/drivers/lib/liblpc2148.a(lcd.o)
 .text.lcd_backlight
                0x00000000       0x30 oslib/drivers/lib/liblpc2148.a(lcd.o)
 .text.lcd_display
                0x00000000       0x20 oslib/drivers/lib/liblpc2148.a(lcd.o)
 .text.lcd_mode
                0x00000000       0x20 oslib/drivers/lib/liblpc2148.a(lcd.o)
 .text.lcd_shift
                0x00000000       0x20 oslib/drivers/lib/liblpc2148.a(lcd.o)
 .text.lcd_clear
                0x00000000       0x18 oslib/drivers/lib/liblpc2148.a(lcd.o)
 .text.lcd_home
                0x00000000       0x18 oslib/drivers/lib/liblpc2148.a(lcd.o)
 .text.lcd_goto_xy
                0x00000000       0x38 oslib/drivers/lib/liblpc2148.a(lcd.o)
 .text.lcd_init
                0x00000000      0x104 oslib/drivers/lib/liblpc2148.a(lcd.o)
 .text.lcd_put_char
                0x00000000       0x28 oslib/drivers/lib/liblpc2148.a(lcd.o)
 .text.lcd_put_string
                0x00000000       0x2c oslib/drivers/lib/liblpc2148.a(lcd.o)
 .text.lcd_new_char
                0x00000000       0x44 oslib/drivers/lib/liblpc2148.a(lcd.o)
 .debug_loc     0x00000000      0x394 oslib/drivers/lib/liblpc2148.a(lcd.o)
 .debug_pubnames
                0x00000000       0xbc oslib/drivers/lib/liblpc2148.a(lcd.o)
 .debug_pubtypes
                0x00000000       0x12 oslib/drivers/lib/liblpc2148.a(lcd.o)
 .debug_aranges
                0x00000000       0x88 oslib/drivers/lib/liblpc2148.a(lcd.o)
 .debug_ranges  0x00000000       0x78 oslib/drivers/lib/liblpc2148.a(lcd.o)
 .debug_str     0x00000000      0x191 oslib/drivers/lib/liblpc2148.a(lcd.o)
 .comment       0x00000000       0x2b oslib/drivers/lib/liblpc2148.a(lcd.o)
 .ARM.attributes
                0x00000000       0x32 oslib/drivers/lib/liblpc2148.a(lcd.o)
 .debug_frame   0x00000000      0x154 oslib/drivers/lib/liblpc2148.a(lcd.o)
 .text          0x00000000        0x0 oslib/drivers/lib/liblpc2148.a(timer.o)
 .data          0x00000000        0x0 oslib/drivers/lib/liblpc2148.a(timer.o)
 .text.timer_wait_ms
                0x00000000       0x58 oslib/drivers/lib/liblpc2148.a(timer.o)
 .text.timer_wait_us
                0x00000000       0x54 oslib/drivers/lib/liblpc2148.a(timer.o)
 .text.timer_oneshot_init
                0x00000000       0xd4 oslib/drivers/lib/liblpc2148.a(timer.o)
 .text.timer_stop
                0x00000000        0xc oslib/drivers/lib/liblpc2148.a(timer.o)
 .text          0x00000000        0x0 oslib/drivers/lib/liblpc2148.a(eint.o)
 .data          0x00000000        0x0 oslib/drivers/lib/liblpc2148.a(eint.o)
 .text          0x00000000        0x0 oslib/drivers/lib/liblpc2148.a(uart.o)
 .data          0x00000000        0x0 oslib/drivers/lib/liblpc2148.a(uart.o)
 .text.uart_getc
                0x00000000       0x58 oslib/drivers/lib/liblpc2148.a(uart.o)
 .text.uart_getchar
                0x00000000       0x58 oslib/drivers/lib/liblpc2148.a(uart.o)
 .text.uart_printf
                0x00000000      0x190 oslib/drivers/lib/liblpc2148.a(uart.o)
 .text          0x00000000        0x0 oslib/drivers/lib/liblpc2148.a(util.o)
 .data          0x00000000        0x0 oslib/drivers/lib/liblpc2148.a(util.o)
 .bss           0x00000000        0x0 oslib/drivers/lib/liblpc2148.a(util.o)
 .debug_abbrev  0x00000000       0xc7 oslib/drivers/lib/liblpc2148.a(util.o)
 .debug_info    0x00000000      0x16e oslib/drivers/lib/liblpc2148.a(util.o)
 .debug_line    0x00000000       0x96 oslib/drivers/lib/liblpc2148.a(util.o)
 .text.num2str  0x00000000       0x8c oslib/drivers/lib/liblpc2148.a(util.o)
 .text.str2num  0x00000000       0x90 oslib/drivers/lib/liblpc2148.a(util.o)
 .rodata        0x00000000       0x14 oslib/drivers/lib/liblpc2148.a(util.o)
 .debug_loc     0x00000000      0x185 oslib/drivers/lib/liblpc2148.a(util.o)
 .debug_pubnames
                0x00000000       0x2a oslib/drivers/lib/liblpc2148.a(util.o)
 .debug_pubtypes
                0x00000000       0x12 oslib/drivers/lib/liblpc2148.a(util.o)
 .debug_aranges
                0x00000000       0x28 oslib/drivers/lib/liblpc2148.a(util.o)
 .debug_ranges  0x00000000       0x18 oslib/drivers/lib/liblpc2148.a(util.o)
 .debug_str     0x00000000       0xd5 oslib/drivers/lib/liblpc2148.a(util.o)
 .comment       0x00000000       0x2b oslib/drivers/lib/liblpc2148.a(util.o)
 .ARM.attributes
                0x00000000       0x32 oslib/drivers/lib/liblpc2148.a(util.o)
 .debug_frame   0x00000000       0x4c oslib/drivers/lib/liblpc2148.a(util.o)
 .text          0x00000000        0x0 oslib/drivers/lib/liblpc2148.a(irq.o)
 .data          0x00000000        0x0 oslib/drivers/lib/liblpc2148.a(irq.o)
 .bss           0x00000000        0x0 oslib/drivers/lib/liblpc2148.a(irq.o)
 .text.irq_init
                0x00000000       0x18 oslib/drivers/lib/liblpc2148.a(irq.o)
 .text.irq_unregister_slot
                0x00000000       0x40 oslib/drivers/lib/liblpc2148.a(irq.o)
 .data          0x00000000        0x0 /local/sdk_elec/gcc-arm-none-eabi-5_2-2015q4/bin/../lib/gcc/arm-none-eabi/5.2.1/libgcc.a(_udivsi3.o)
 .bss           0x00000000        0x0 /local/sdk_elec/gcc-arm-none-eabi-5_2-2015q4/bin/../lib/gcc/arm-none-eabi/5.2.1/libgcc.a(_udivsi3.o)
 .data          0x00000000        0x0 /local/sdk_elec/gcc-arm-none-eabi-5_2-2015q4/bin/../lib/gcc/arm-none-eabi/5.2.1/libgcc.a(_dvmd_tls.o)
 .bss           0x00000000        0x0 /local/sdk_elec/gcc-arm-none-eabi-5_2-2015q4/bin/../lib/gcc/arm-none-eabi/5.2.1/libgcc.a(_dvmd_tls.o)
 .text          0x00000000        0x0 /local/sdk_elec/gcc-arm-none-eabi-5_2-2015q4/bin/../lib/gcc/arm-none-eabi/5.2.1/../../../../arm-none-eabi/lib/libc.a(lib_a-errno.o)
 .data          0x00000000        0x0 /local/sdk_elec/gcc-arm-none-eabi-5_2-2015q4/bin/../lib/gcc/arm-none-eabi/5.2.1/../../../../arm-none-eabi/lib/libc.a(lib_a-errno.o)
 .bss           0x00000000        0x0 /local/sdk_elec/gcc-arm-none-eabi-5_2-2015q4/bin/../lib/gcc/arm-none-eabi/5.2.1/../../../../arm-none-eabi/lib/libc.a(lib_a-errno.o)
 .text.__errno  0x00000000       0x10 /local/sdk_elec/gcc-arm-none-eabi-5_2-2015q4/bin/../lib/gcc/arm-none-eabi/5.2.1/../../../../arm-none-eabi/lib/libc.a(lib_a-errno.o)
 .debug_frame   0x00000000       0x20 /local/sdk_elec/gcc-arm-none-eabi-5_2-2015q4/bin/../lib/gcc/arm-none-eabi/5.2.1/../../../../arm-none-eabi/lib/libc.a(lib_a-errno.o)
 .ARM.attributes
                0x00000000       0x30 /local/sdk_elec/gcc-arm-none-eabi-5_2-2015q4/bin/../lib/gcc/arm-none-eabi/5.2.1/../../../../arm-none-eabi/lib/libc.a(lib_a-errno.o)
 .text          0x00000000        0x0 /local/sdk_elec/gcc-arm-none-eabi-5_2-2015q4/bin/../lib/gcc/arm-none-eabi/5.2.1/../../../../arm-none-eabi/lib/libc.a(lib_a-impure.o)
 .data          0x00000000        0x0 /local/sdk_elec/gcc-arm-none-eabi-5_2-2015q4/bin/../lib/gcc/arm-none-eabi/5.2.1/../../../../arm-none-eabi/lib/libc.a(lib_a-impure.o)
 .bss           0x00000000        0x0 /local/sdk_elec/gcc-arm-none-eabi-5_2-2015q4/bin/../lib/gcc/arm-none-eabi/5.2.1/../../../../arm-none-eabi/lib/libc.a(lib_a-impure.o)
 .data.impure_data
                0x00000000      0x428 /local/sdk_elec/gcc-arm-none-eabi-5_2-2015q4/bin/../lib/gcc/arm-none-eabi/5.2.1/../../../../arm-none-eabi/lib/libc.a(lib_a-impure.o)
 .data._impure_ptr
                0x00000000        0x4 /local/sdk_elec/gcc-arm-none-eabi-5_2-2015q4/bin/../lib/gcc/arm-none-eabi/5.2.1/../../../../arm-none-eabi/lib/libc.a(lib_a-impure.o)
 .rodata.str1.4
                0x00000000        0x2 /local/sdk_elec/gcc-arm-none-eabi-5_2-2015q4/bin/../lib/gcc/arm-none-eabi/5.2.1/../../../../arm-none-eabi/lib/libc.a(lib_a-impure.o)
 .rodata._global_impure_ptr
                0x00000000        0x4 /local/sdk_elec/gcc-arm-none-eabi-5_2-2015q4/bin/../lib/gcc/arm-none-eabi/5.2.1/../../../../arm-none-eabi/lib/libc.a(lib_a-impure.o)
 .ARM.attributes
                0x00000000       0x30 /local/sdk_elec/gcc-arm-none-eabi-5_2-2015q4/bin/../lib/gcc/arm-none-eabi/5.2.1/../../../../arm-none-eabi/lib/libc.a(lib_a-impure.o)
 .text          0x00000000        0x0 /local/sdk_elec/gcc-arm-none-eabi-5_2-2015q4/bin/../lib/gcc/arm-none-eabi/5.2.1/../../../../arm-none-eabi/lib/libc.a(lib_a-memcpy-stub.o)
 .data          0x00000000        0x0 /local/sdk_elec/gcc-arm-none-eabi-5_2-2015q4/bin/../lib/gcc/arm-none-eabi/5.2.1/../../../../arm-none-eabi/lib/libc.a(lib_a-memcpy-stub.o)
 .bss           0x00000000        0x0 /local/sdk_elec/gcc-arm-none-eabi-5_2-2015q4/bin/../lib/gcc/arm-none-eabi/5.2.1/../../../../arm-none-eabi/lib/libc.a(lib_a-memcpy-stub.o)

Memory Configuration

Name             Origin             Length             Attributes
FLASH            0x00000000         0x00080000         xr
SRAM1            0x40000000         0x00008000         xrw
SRAM2            0x7fd00000         0x00002000         xrw
*default*        0x00000000         0xffffffff

Linker script and memory map

LOAD user/tp1_ex5.o
LOAD oslib/drivers/startup/board_lowlevel.o
LOAD oslib/drivers/startup/board_stubs.o
LOAD oslib/drivers/target.o
LOAD kernel/alloc.o
LOAD kernel/kernel.o
LOAD kernel/list.o
LOAD kernel/syscall_dispatch.o
LOAD oslib/kernellib.o
LOAD oslib/drivers/startup/board_cstartup.o
LOAD oslib/drivers/lib/liblpc2148.a
START GROUP
LOAD /local/sdk_elec/gcc-arm-none-eabi-5_2-2015q4/bin/../lib/gcc/arm-none-eabi/5.2.1/libgcc.a
LOAD /local/sdk_elec/gcc-arm-none-eabi-5_2-2015q4/bin/../lib/gcc/arm-none-eabi/5.2.1/../../../../arm-none-eabi/lib/libc.a
END GROUP
                0x00000080                USR_STACK_SIZE = 0x80
                0x00000400                IRQ_STACK_SIZE = 0x400
                0x00000000                FIQ_STACK_SIZE = 0x0
                0x00000400                SVC_STACK_SIZE = 0x400
                0x00000000                ABT_STACK_SIZE = 0x0
                0x00000000                UND_STACK_SIZE = 0x0
                0x7fd02000                HEAP_END = 0x7fd02000

.vectors        0x40000000       0x40
 *(.vectors)
 .vectors       0x40000000       0x40 oslib/drivers/startup/board_cstartup.o
                0x40000000                _start

.text           0x40000040     0x16c8
 *(.text .text.*)
 .text.tache1   0x40000040       0x40 user/tp1_ex5.o
                0x40000040                tache1
 .text.tache2   0x40000080        0x4 user/tp1_ex5.o
                0x40000080                tache2
 .text.main     0x40000084       0x38 user/tp1_ex5.o
                0x40000084                main
 .text.LowLevelInit
                0x400000bc      0x154 oslib/drivers/startup/board_lowlevel.o
                0x400000bc                LowLevelInit
 .text.on_button_cb
                0x40000210       0x14 oslib/drivers/target.o
 .text.on_timeout_cb
                0x40000224       0x18 oslib/drivers/target.o
 .text.on_receive_cb
                0x4000023c        0x8 oslib/drivers/target.o
 .text.dev_init
                0x40000244       0x8c oslib/drivers/target.o
                0x40000244                dev_init
 .text.minit    0x400002d0       0x40 kernel/alloc.o
                0x400002d0                minit
 .text.sys_alloc
                0x40000310      0x138 kernel/alloc.o
                0x40000310                sys_alloc
 .text.sys_free
                0x40000448      0x144 kernel/alloc.o
                0x40000448                sys_free
 .text.sys_round_robin
                0x4000058c       0xa4 kernel/kernel.o
                0x4000058c                sys_round_robin
 .text.sys_os_start
                0x40000630       0x64 kernel/kernel.o
                0x40000630                sys_os_start
 .text.sys_task_new
                0x40000694       0xcc kernel/kernel.o
                0x40000694                sys_task_new
 .text.sys_task_id
                0x40000760       0x18 kernel/kernel.o
                0x40000760                sys_task_id
 .text.sys_task_wait
                0x40000778       0xec kernel/kernel.o
                0x40000778                sys_task_wait
 .text.sys_sem_new
                0x40000864       0x44 kernel/kernel.o
                0x40000864                sys_sem_new
 .text.sys_sem_p
                0x400008a8       0xfc kernel/kernel.o
                0x400008a8                sys_sem_p
 .text.sys_sem_v
                0x400009a4       0xac kernel/kernel.o
                0x400009a4                sys_sem_v
 .text.list_remove_head
                0x40000a50       0x9c kernel/list.o
                0x40000a50                list_remove_head
 .text.list_insert_tail
                0x40000aec       0x80 kernel/list.o
                0x40000aec                list_insert_tail
 .text.list_size
                0x40000b6c       0x6c kernel/list.o
                0x40000b6c                list_size
 .text.list_display
                0x40000bd8       0xf4 kernel/list.o
                0x40000bd8                list_display
 .text.sys_add  0x40000ccc       0x24 kernel/syscall_dispatch.o
                0x40000ccc                sys_add
 .text.syscall_dispatch
                0x40000cf0      0x15c kernel/syscall_dispatch.o
                0x40000cf0                syscall_dispatch
 .text.os_start
                0x40000e4c        0xc oslib/kernellib.o
                0x40000e4c                os_start
 .text.task_new
                0x40000e58       0x20 oslib/kernellib.o
                0x40000e58                task_new
 .text.task_wait
                0x40000e78       0x18 oslib/kernellib.o
                0x40000e78                task_wait
 .text.io_configure
                0x40000e90      0x10c oslib/drivers/lib/liblpc2148.a(io.o)
                0x40000e90                io_configure
 .text.leds     0x40000f9c       0x24 oslib/drivers/lib/liblpc2148.a(io.o)
                0x40000f9c                leds
 .text          0x40000fc0       0x2c oslib/drivers/lib/liblpc2148.a(io_asm.o)
                0x40000fc0                io_read
                0x40000fcc                io_write
                0x40000fdc                io_write_n
 .text.timer0_isr
                0x40000fec       0x38 oslib/drivers/lib/liblpc2148.a(timer.o)
                0x40000fec                timer0_isr
 .text.timer1_isr
                0x40001024       0x38 oslib/drivers/lib/liblpc2148.a(timer.o)
                0x40001024                timer1_isr
 .text.timer_tick_init
                0x4000105c       0xd4 oslib/drivers/lib/liblpc2148.a(timer.o)
                0x4000105c                timer_tick_init
 .text.timer_start
                0x40001130        0xc oslib/drivers/lib/liblpc2148.a(timer.o)
                0x40001130                timer_start
 .text.eint1_isr
                0x4000113c       0x38 oslib/drivers/lib/liblpc2148.a(eint.o)
                0x4000113c                eint1_isr
 .text.eint1_init
                0x40001174       0x8c oslib/drivers/lib/liblpc2148.a(eint.o)
                0x40001174                eint1_init
 .text.uart0_isr
                0x40001200       0xb8 oslib/drivers/lib/liblpc2148.a(uart.o)
                0x40001200                uart0_isr
 .text.uart1_isr
                0x400012b8       0x40 oslib/drivers/lib/liblpc2148.a(uart.o)
                0x400012b8                uart1_isr
 .text.uart_init
                0x400012f8      0x140 oslib/drivers/lib/liblpc2148.a(uart.o)
                0x400012f8                uart_init
 .text.uart_putc
                0x40001438       0x14 oslib/drivers/lib/liblpc2148.a(uart.o)
                0x40001438                uart_putc
 .text.uart_puts
                0x4000144c       0x38 oslib/drivers/lib/liblpc2148.a(uart.o)
                0x4000144c                uart_puts
 .text.irq_register_slot
                0x40001484       0x64 oslib/drivers/lib/liblpc2148.a(irq.o)
                0x40001484                irq_register_slot
 .text.irq_ack  0x400014e8       0x18 oslib/drivers/lib/liblpc2148.a(irq.o)
                0x400014e8                irq_ack
 .text          0x40001500      0x114 /local/sdk_elec/gcc-arm-none-eabi-5_2-2015q4/bin/../lib/gcc/arm-none-eabi/5.2.1/libgcc.a(_udivsi3.o)
                0x40001500                __udivsi3
                0x40001500                __aeabi_uidiv
                0x400015f4                __aeabi_uidivmod
 .text          0x40001614        0x4 /local/sdk_elec/gcc-arm-none-eabi-5_2-2015q4/bin/../lib/gcc/arm-none-eabi/5.2.1/libgcc.a(_dvmd_tls.o)
                0x40001614                __aeabi_ldiv0
                0x40001614                __aeabi_idiv0
 .text.memcpy   0x40001618       0xf0 /local/sdk_elec/gcc-arm-none-eabi-5_2-2015q4/bin/../lib/gcc/arm-none-eabi/5.2.1/../../../../arm-none-eabi/lib/libc.a(lib_a-memcpy-stub.o)
                0x40001618                memcpy

.glue_7         0x40001708        0x0
 .glue_7        0x40001708        0x0 linker stubs

.glue_7t        0x40001708        0x0
 .glue_7t       0x40001708        0x0 linker stubs

.vfp11_veneer   0x40001708        0x0
 .vfp11_veneer  0x40001708        0x0 linker stubs

.v4_bx          0x40001708        0x0
 .v4_bx         0x40001708        0x0 linker stubs

.iplt           0x40001708        0x0
 .iplt          0x40001708        0x0 user/tp1_ex5.o

.init           0x40001708      0x14c
 .init          0x40001708      0x14c oslib/drivers/startup/board_cstartup.o
                0x4000181c                _exit

.rodata         0x40001854       0x74
 *(.rodata .rodata.*)
 .rodata        0x40001854       0x58 oslib/drivers/startup/board_lowlevel.o
                0x40001854                _VIC
                0x40001858                _PCB
                0x4000185c                _SCB
                0x40001860                _EXT
                0x40001864                _IO0
                0x40001868                _IO1
                0x4000186c                _FIO0
                0x40001870                _FIO1
                0x40001874                _TIMER0
                0x40001878                _TIMER1
                0x4000187c                _PWM
                0x40001880                _UART0
                0x40001884                _UART1
                0x40001888                _I2C0
                0x4000188c                _I2C1
                0x40001890                _SPI0
                0x40001894                _SSP
                0x40001898                _RTC
                0x4000189c                _ADC0
                0x400018a0                _ADC1
                0x400018a4                _DAC
                0x400018a8                _WD
 .rodata        0x400018ac       0x1c kernel/list.o

.rel.dyn        0x400018c8        0x0
 .rel.iplt      0x400018c8        0x0 user/tp1_ex5.o

.data           0x400018c8        0x4
                0x400018c8                __data_load = LOADADDR (.data)
                0x400018c8                __data_start = .
 *(.data)
 .data          0x400018c8        0x4 kernel/kernel.o
                0x400018cc                . = ALIGN (0x4)
                0x400018cc                __data_end = .

.igot.plt       0x400018cc        0x0
 .igot.plt      0x400018cc        0x0 user/tp1_ex5.o

.bss            0x400018cc       0xa8
                0x400018cc                __bss_start = .
 *(.bss .bss.*)
 .bss           0x400018cc        0xc kernel/kernel.o
                0x400018cc                tsk_running
                0x400018d0                tsk_sleeping
                0x400018d4                saved_ctx
 .bss           0x400018d8        0x8 oslib/drivers/lib/liblpc2148.a(timer.o)
 .bss           0x400018e0        0x4 oslib/drivers/lib/liblpc2148.a(eint.o)
 .bss           0x400018e4       0x90 oslib/drivers/lib/liblpc2148.a(uart.o)
                0x40001974                . = ALIGN (0x4)
                0x40001974                __bss_end = .

.stack          0x7fd00000      0x880
                0x7fd00000                . = ALIGN (0x4)
                0x7fd00000                __stack_start = .
                0x7fd00080                . = (. + USR_STACK_SIZE)
 *fill*         0x7fd00000       0x80 
                0x7fd00080                . = ALIGN (0x4)
                0x7fd00080                __usr_stack_top = .
                0x7fd00480                . = (. + IRQ_STACK_SIZE)
 *fill*         0x7fd00080      0x400 
                0x7fd00480                . = ALIGN (0x4)
                0x7fd00480                __irq_stack_top = .
                0x7fd00480                . = (. + FIQ_STACK_SIZE)
                0x7fd00480                . = ALIGN (0x4)
                0x7fd00480                __fiq_stack_top = .
                0x7fd00880                . = (. + SVC_STACK_SIZE)
 *fill*         0x7fd00480      0x400 
                0x7fd00880                . = ALIGN (0x4)
                0x7fd00880                __svc_stack_top = .
                0x7fd00880                . = (. + ABT_STACK_SIZE)
                0x7fd00880                . = ALIGN (0x4)
                0x7fd00880                __abt_stack_top = .
                0x7fd00880                . = (. + UND_STACK_SIZE)
                0x7fd00880                . = ALIGN (0x4)
                0x7fd00880                __und_stack_top = .
                0x7fd00880                __stack_end = .

.heap           0x7fd00880     0x1780
                0x7fd00880                __heap_start = .
                0x7fd02000                . = ABSOLUTE (HEAP_END)
 *fill*         0x7fd00880     0x1780 
                0x7fd02000                __heap_end = .
OUTPUT(main.elf elf32-littlearm)

.debug_info     0x00000000     0x36b4
 .debug_info    0x00000000       0xd6 user/tp1_ex5.o
 .debug_info    0x000000d6     0x1075 oslib/drivers/startup/board_lowlevel.o
 .debug_info    0x0000114b      0x28b oslib/drivers/target.o
 .debug_info    0x000013d6      0x1c7 kernel/alloc.o
 .debug_info    0x0000159d      0x48a kernel/kernel.o
 .debug_info    0x00001a27      0x3ea kernel/list.o
 .debug_info    0x00001e11      0x23a kernel/syscall_dispatch.o
 .debug_info    0x0000204b      0x25d oslib/kernellib.o
 .debug_info    0x000022a8       0x81 oslib/drivers/startup/board_cstartup.o
 .debug_info    0x00002329      0x5a0 oslib/drivers/lib/liblpc2148.a(io.o)
 .debug_info    0x000028c9       0x6b oslib/drivers/lib/liblpc2148.a(io_asm.o)
 .debug_info    0x00002934      0x4af oslib/drivers/lib/liblpc2148.a(timer.o)
 .debug_info    0x00002de3      0x1aa oslib/drivers/lib/liblpc2148.a(eint.o)
 .debug_info    0x00002f8d      0x49d oslib/drivers/lib/liblpc2148.a(uart.o)
 .debug_info    0x0000342a      0x28a oslib/drivers/lib/liblpc2148.a(irq.o)

.debug_abbrev   0x00000000     0x1044
 .debug_abbrev  0x00000000       0x8c user/tp1_ex5.o
 .debug_abbrev  0x0000008c      0x15c oslib/drivers/startup/board_lowlevel.o
 .debug_abbrev  0x000001e8      0x106 oslib/drivers/target.o
 .debug_abbrev  0x000002ee       0xdf kernel/alloc.o
 .debug_abbrev  0x000003cd      0x1b2 kernel/kernel.o
 .debug_abbrev  0x0000057f      0x15a kernel/list.o
 .debug_abbrev  0x000006d9       0xf9 kernel/syscall_dispatch.o
 .debug_abbrev  0x000007d2      0x105 oslib/kernellib.o
 .debug_abbrev  0x000008d7       0x12 oslib/drivers/startup/board_cstartup.o
 .debug_abbrev  0x000008e9      0x21e oslib/drivers/lib/liblpc2148.a(io.o)
 .debug_abbrev  0x00000b07       0x14 oslib/drivers/lib/liblpc2148.a(io_asm.o)
 .debug_abbrev  0x00000b1b      0x140 oslib/drivers/lib/liblpc2148.a(timer.o)
 .debug_abbrev  0x00000c5b       0xf3 oslib/drivers/lib/liblpc2148.a(eint.o)
 .debug_abbrev  0x00000d4e      0x1fd oslib/drivers/lib/liblpc2148.a(uart.o)
 .debug_abbrev  0x00000f4b       0xf9 oslib/drivers/lib/liblpc2148.a(irq.o)

.debug_aranges  0x00000000      0x3c8
 .debug_aranges
                0x00000000       0x30 user/tp1_ex5.o
 .debug_aranges
                0x00000030       0x28 oslib/drivers/startup/board_lowlevel.o
 .debug_aranges
                0x00000058       0x38 oslib/drivers/target.o
 .debug_aranges
                0x00000090       0x30 kernel/alloc.o
 .debug_aranges
                0x000000c0       0x60 kernel/kernel.o
 .debug_aranges
                0x00000120       0x48 kernel/list.o
 .debug_aranges
                0x00000168       0x28 kernel/syscall_dispatch.o
 .debug_aranges
                0x00000190       0x70 oslib/kernellib.o
 .debug_aranges
                0x00000200       0x28 oslib/drivers/startup/board_cstartup.o
 .debug_aranges
                0x00000228       0x70 oslib/drivers/lib/liblpc2148.a(io.o)
 .debug_aranges
                0x00000298       0x20 oslib/drivers/lib/liblpc2148.a(io_asm.o)
 .debug_aranges
                0x000002b8       0x58 oslib/drivers/lib/liblpc2148.a(timer.o)
 .debug_aranges
                0x00000310       0x28 oslib/drivers/lib/liblpc2148.a(eint.o)
 .debug_aranges
                0x00000338       0x58 oslib/drivers/lib/liblpc2148.a(uart.o)
 .debug_aranges
                0x00000390       0x38 oslib/drivers/lib/liblpc2148.a(irq.o)

.debug_ranges   0x00000000      0x2e8
 .debug_ranges  0x00000000       0x20 user/tp1_ex5.o
 .debug_ranges  0x00000020       0x18 oslib/drivers/startup/board_lowlevel.o
 .debug_ranges  0x00000038       0x28 oslib/drivers/target.o
 .debug_ranges  0x00000060       0x20 kernel/alloc.o
 .debug_ranges  0x00000080       0x50 kernel/kernel.o
 .debug_ranges  0x000000d0       0x38 kernel/list.o
 .debug_ranges  0x00000108       0x18 kernel/syscall_dispatch.o
 .debug_ranges  0x00000120       0x60 oslib/kernellib.o
 .debug_ranges  0x00000180       0x20 oslib/drivers/startup/board_cstartup.o
 .debug_ranges  0x000001a0       0x78 oslib/drivers/lib/liblpc2148.a(io.o)
 .debug_ranges  0x00000218       0x48 oslib/drivers/lib/liblpc2148.a(timer.o)
 .debug_ranges  0x00000260       0x18 oslib/drivers/lib/liblpc2148.a(eint.o)
 .debug_ranges  0x00000278       0x48 oslib/drivers/lib/liblpc2148.a(uart.o)
 .debug_ranges  0x000002c0       0x28 oslib/drivers/lib/liblpc2148.a(irq.o)

.debug_line     0x00000000      0xf5c
 .debug_line    0x00000000       0x8f user/tp1_ex5.o
 .debug_line    0x0000008f       0xb9 oslib/drivers/startup/board_lowlevel.o
 .debug_line    0x00000148       0xae oslib/drivers/target.o
 .debug_line    0x000001f6       0xa2 kernel/alloc.o
 .debug_line    0x00000298      0x154 kernel/kernel.o
 .debug_line    0x000003ec      0x134 kernel/list.o
 .debug_line    0x00000520       0x95 kernel/syscall_dispatch.o
 .debug_line    0x000005b5      0x116 oslib/kernellib.o
 .debug_line    0x000006cb       0xcb oslib/drivers/startup/board_cstartup.o
 .debug_line    0x00000796      0x266 oslib/drivers/lib/liblpc2148.a(io.o)
 .debug_line    0x000009fc       0x58 oslib/drivers/lib/liblpc2148.a(io_asm.o)
 .debug_line    0x00000a54      0x167 oslib/drivers/lib/liblpc2148.a(timer.o)
 .debug_line    0x00000bbb       0xc0 oslib/drivers/lib/liblpc2148.a(eint.o)
 .debug_line    0x00000c7b      0x20d oslib/drivers/lib/liblpc2148.a(uart.o)
 .debug_line    0x00000e88       0xd4 oslib/drivers/lib/liblpc2148.a(irq.o)

.debug_str      0x00000000      0xad0
 .debug_str     0x00000000      0x14a user/tp1_ex5.o
                                0x189 (size before relaxing)
 .debug_str     0x0000014a      0x3a3 oslib/drivers/startup/board_lowlevel.o
                                0x4e8 (size before relaxing)
 .debug_str     0x000004ed       0x57 oslib/drivers/target.o
                                0x1f6 (size before relaxing)
 .debug_str     0x00000544       0x4d kernel/alloc.o
                                0x1af (size before relaxing)
 .debug_str     0x00000591      0x14d kernel/kernel.o
                                0x2ff (size before relaxing)
 .debug_str     0x000006de       0x73 kernel/list.o
                                0x2a1 (size before relaxing)
 .debug_str     0x00000751       0x38 kernel/syscall_dispatch.o
                                0x23b (size before relaxing)
 .debug_str     0x00000789       0x22 oslib/kernellib.o
                                0x1e3 (size before relaxing)
 .debug_str     0x000007ab      0x14c oslib/drivers/lib/liblpc2148.a(io.o)
                                0x204 (size before relaxing)
 .debug_str     0x000008f7       0xab oslib/drivers/lib/liblpc2148.a(timer.o)
                                0x210 (size before relaxing)
 .debug_str     0x000009a2       0x49 oslib/drivers/lib/liblpc2148.a(eint.o)
                                0x131 (size before relaxing)
 .debug_str     0x000009eb       0x8e oslib/drivers/lib/liblpc2148.a(uart.o)
                                0x1b5 (size before relaxing)
 .debug_str     0x00000a79       0x57 oslib/drivers/lib/liblpc2148.a(irq.o)
                                0x1ad (size before relaxing)

.comment        0x00000000       0x98
 .comment       0x00000000       0x6e user/tp1_ex5.o
                                 0x6f (size before relaxing)
 .comment       0x0000006e       0x6f oslib/drivers/startup/board_lowlevel.o
 .comment       0x0000006e       0x6f oslib/drivers/target.o
 .comment       0x0000006e       0x6f kernel/alloc.o
 .comment       0x0000006e       0x6f kernel/kernel.o
 .comment       0x0000006e       0x6f kernel/list.o
 .comment       0x0000006e       0x6f kernel/syscall_dispatch.o
 .comment       0x0000006e       0x6f oslib/kernellib.o
 .comment       0x0000006e       0x2a oslib/drivers/lib/liblpc2148.a(io.o)
                                 0x2b (size before relaxing)
 .comment       0x00000098       0x2b oslib/drivers/lib/liblpc2148.a(timer.o)
 .comment       0x00000098       0x2b oslib/drivers/lib/liblpc2148.a(eint.o)
 .comment       0x00000098       0x2b oslib/drivers/lib/liblpc2148.a(uart.o)
 .comment       0x00000098       0x2b oslib/drivers/lib/liblpc2148.a(irq.o)

.ARM.attributes
                0x00000000       0x30
 .ARM.attributes
                0x00000000       0x30 user/tp1_ex5.o
 .ARM.attributes
                0x00000030       0x30 oslib/drivers/startup/board_lowlevel.o
 .ARM.attributes
                0x00000060       0x30 oslib/drivers/target.o
 .ARM.attributes
                0x00000090       0x30 kernel/alloc.o
 .ARM.attributes
                0x000000c0       0x30 kernel/kernel.o
 .ARM.attributes
                0x000000f0       0x30 kernel/list.o
 .ARM.attributes
                0x00000120       0x30 kernel/syscall_dispatch.o
 .ARM.attributes
                0x00000150       0x30 oslib/kernellib.o
 .ARM.attributes
                0x00000180       0x16 oslib/drivers/startup/board_cstartup.o
 .ARM.attributes
                0x00000196       0x32 oslib/drivers/lib/liblpc2148.a(io.o)
 .ARM.attributes
                0x000001c8       0x16 oslib/drivers/lib/liblpc2148.a(io_asm.o)
 .ARM.attributes
                0x000001de       0x32 oslib/drivers/lib/liblpc2148.a(timer.o)
 .ARM.attributes
                0x00000210       0x32 oslib/drivers/lib/liblpc2148.a(eint.o)
 .ARM.attributes
                0x00000242       0x32 oslib/drivers/lib/liblpc2148.a(uart.o)
 .ARM.attributes
                0x00000274       0x32 oslib/drivers/lib/liblpc2148.a(irq.o)
 .ARM.attributes
                0x000002a6       0x18 /local/sdk_elec/gcc-arm-none-eabi-5_2-2015q4/bin/../lib/gcc/arm-none-eabi/5.2.1/libgcc.a(_udivsi3.o)
 .ARM.attributes
                0x000002be       0x18 /local/sdk_elec/gcc-arm-none-eabi-5_2-2015q4/bin/../lib/gcc/arm-none-eabi/5.2.1/libgcc.a(_dvmd_tls.o)
 .ARM.attributes
                0x000002d6       0x30 /local/sdk_elec/gcc-arm-none-eabi-5_2-2015q4/bin/../lib/gcc/arm-none-eabi/5.2.1/../../../../arm-none-eabi/lib/libc.a(lib_a-memcpy-stub.o)

.debug_frame    0x00000000      0x7f4
 .debug_frame   0x00000000       0x54 user/tp1_ex5.o
 .debug_frame   0x00000054       0x44 oslib/drivers/startup/board_lowlevel.o
 .debug_frame   0x00000098       0x74 oslib/drivers/target.o
 .debug_frame   0x0000010c       0x58 kernel/alloc.o
 .debug_frame   0x00000164      0x10c kernel/kernel.o
 .debug_frame   0x00000270       0xa8 kernel/list.o
 .debug_frame   0x00000318       0x48 kernel/syscall_dispatch.o
 .debug_frame   0x00000360      0x100 oslib/kernellib.o
 .debug_frame   0x00000460      0x110 oslib/drivers/lib/liblpc2148.a(io.o)
 .debug_frame   0x00000570       0xb0 oslib/drivers/lib/liblpc2148.a(timer.o)
 .debug_frame   0x00000620       0x44 oslib/drivers/lib/liblpc2148.a(eint.o)
 .debug_frame   0x00000664       0xdc oslib/drivers/lib/liblpc2148.a(uart.o)
 .debug_frame   0x00000740       0x58 oslib/drivers/lib/liblpc2148.a(irq.o)
 .debug_frame   0x00000798       0x20 /local/sdk_elec/gcc-arm-none-eabi-5_2-2015q4/bin/../lib/gcc/arm-none-eabi/5.2.1/libgcc.a(_udivsi3.o)
 .debug_frame   0x000007b8       0x3c /local/sdk_elec/gcc-arm-none-eabi-5_2-2015q4/bin/../lib/gcc/arm-none-eabi/5.2.1/../../../../arm-none-eabi/lib/libc.a(lib_a-memcpy-stub.o)

.debug_loc      0x00000000      0xb76
 .debug_loc     0x00000000      0x616 oslib/drivers/lib/liblpc2148.a(io.o)
 .debug_loc     0x00000616      0x144 oslib/drivers/lib/liblpc2148.a(timer.o)
 .debug_loc     0x0000075a       0x9a oslib/drivers/lib/liblpc2148.a(eint.o)
 .debug_loc     0x000007f4      0x2d1 oslib/drivers/lib/liblpc2148.a(uart.o)
 .debug_loc     0x00000ac5       0xb1 oslib/drivers/lib/liblpc2148.a(irq.o)

.debug_pubnames
                0x00000000      0x247
 .debug_pubnames
                0x00000000       0x9a oslib/drivers/lib/liblpc2148.a(io.o)
 .debug_pubnames
                0x0000009a       0x9e oslib/drivers/lib/liblpc2148.a(timer.o)
 .debug_pubnames
                0x00000138       0x2f oslib/drivers/lib/liblpc2148.a(eint.o)
 .debug_pubnames
                0x00000167       0x87 oslib/drivers/lib/liblpc2148.a(uart.o)
 .debug_pubnames
                0x000001ee       0x59 oslib/drivers/lib/liblpc2148.a(irq.o)

.debug_pubtypes
                0x00000000      0x170
 .debug_pubtypes
                0x00000000       0x5f oslib/drivers/lib/liblpc2148.a(io.o)
 .debug_pubtypes
                0x0000005f       0x36 oslib/drivers/lib/liblpc2148.a(timer.o)
 .debug_pubtypes
                0x00000095       0x36 oslib/drivers/lib/liblpc2148.a(eint.o)
 .debug_pubtypes
                0x000000cb       0x7a oslib/drivers/lib/liblpc2148.a(uart.o)
 .debug_pubtypes
                0x00000145       0x2b oslib/drivers/lib/liblpc2148.a(irq.o)
